SDSIO-Server v3.1.0
Press 'Ctrl+C' or 'X' to exit.
Working directory: /Users/chrsei01/02_Git/KeilChris/cmsis-executorch-traffic-counter/recordings/traffic/combined-soak-20261008-Di4n0q
SDSIO command input: R=Record, P=playback, S/s=stop, T/t=reset, X/x=exit, A-H=set flags 0-7, a-h=clear flags 0-7.
SDSIO-Client USB device connected.
sdsFlags = 0x10000000.
SDSIO command: start playback ('P').
sdsFlags = 0xB0000000.
No play steps, index based playback started.
Playback: CameraIn (CameraIn.0.sds)
Record:   Detections (Detections.0.p.sds)
Closed:   CameraIn (CameraIn.0.sds)
Closed:   Detections (Detections.0.p.sds)
sdsFlags = 0x30000000.
SDSIO command: terminate ('X').
SDSIO-Server shut down.

Playback verified: 339/339 frames in 79.0 s (4.29 frames/s)

files:
  CameraIn.0.sds
  Detections.0.p.sds
  Detections.0.sds
